
> client@0.1.0 build
> next build

npm : ÔÜá Warning: Next.js 
inferred your workspace root, 
but it may not be correct.
At line:1 char:1
+ npm run build > 
build_error.log 2>&1
+ ~~~~~~~~~~~~~~~~~~~~~~~~~~~~~
~~~~~~~
    + CategoryInfo          :  
   NotSpecified: (ÔÜá Warning  
  : Ne...not be correct.:Str   
 ing) [], RemoteException
    + FullyQualifiedErrorId :  
   NativeCommandError
 
 We detected multiple 
lockfiles and selected the 
directory of C:\Users\Lenovo\pa
ckage-lock.json as the root 
directory.
 To silence this warning, set 
`turbopack.root` in your 
Next.js config, or consider 
removing one of the lockfiles 
if it's not needed.
   See https://nextjs.org/docs/
app/api-reference/config/next-c
onfig-js/turbopack#root-directo
ry for more information.
 Detected additional 
lockfiles: 
   * 
C:\Users\Lenovo\Desktop\New 
folder 
(2)\client\package-lock.json
   * 
C:\Users\Lenovo\Desktop\New 
folder (2)\package-lock.json

Ôû▓ Next.js 16.1.6 (Turbopack)
- Environments: .env.local

  Creating an optimized production build ...

> Build error occurred
Error: Turbopack build failed 
with 4 errors:
./Desktop/New folder (2)/client
/src/app/dashboard/appointments
/page.tsx:4:1
Module not found: Can't 
resolve '../../components/layou
t/DashboardLayout'
[0m [90m 2 |[39m
 [90m 3 |[39m 
[36mimport[39m 
[33mReact[39m [36mfrom[39m 
[32m'react'[39m[33m;[39m
[31m[1m>[22m[39m[90m 4 
|[39m [36mimport[39m 
[33mDashboardLayout[39m 
[36mfrom[39m [32m'../../comp
onents/layout/DashboardLayout'
[39m[33m;[39m
 [90m   |[39m [31m[1m^[22m
[39m[31m[1m^[22m[39m[31m
[1m^[22m[39m[31m[1m^[22m[
39m[31m[1m^[22m[39m[31m[1
m^[22m[39m[31m[1m^[22m[39
m[31m[1m^[22m[39m[31m[1m^
[22m[39m[31m[1m^[22m[39m
[31m[1m^[22m[39m[31m[1m^[
22m[39m[31m[1m^[22m[39m[3
1m[1m^[22m[39m[31m[1m^[22
m[39m[31m[1m^[22m[39m[31m
[1m^[22m[39m[31m[1m^[22m
[39m[31m[1m^[22m[39m[31m[
1m^[22m[39m[31m[1m^[22m[3
9m[31m[1m^[22m[39m[31m[1m
^[22m[39m[31m[1m^[22m[39m
[31m[1m^[22m[39m[31m[1m^
[22m[39m[31m[1m^[22m[39m[
31m[1m^[22m[39m[31m[1m^[2
2m[39m[31m[1m^[22m[39m[31
m[1m^[22m[39m[31m[1m^[22m
[39m[31m[1m^[22m[39m[31m
[1m^[22m[39m[31m[1m^[22m[
39m[31m[1m^[22m[39m[31m[1
m^[22m[39m[31m[1m^[22m[39
m[31m[1m^[22m[39m[31m[1m^
[22m[39m[31m[1m^[22m[39m
[31m[1m^[22m[39m[31m[1m^[
22m[39m[31m[1m^[22m[39m[3
1m[1m^[22m[39m[31m[1m^[22
m[39m[31m[1m^[22m[39m[31m
[1m^[22m[39m[31m[1m^[22m
[39m[31m[1m^[22m[39m[31m[
1m^[22m[39m[31m[1m^[22m[3
9m[31m[1m^[22m[39m[31m[1m
^[22m[39m[31m[1m^[22m[39m
[31m[1m^[22m[39m[31m[1m^
[22m[39m[31m[1m^[22m[39m[
31m[1m^[22m[39m[31m[1m^[2
2m[39m[31m[1m^[22m[39m[31
m[1m^[22m[39m[31m[1m^[22m
[39m[31m[1m^[22m[39m[31m
[1m^[22m[39m[31m[1m^[22m[
39m[31m[1m^[22m[39m[31m[1
m^[22m[39m[31m[1m^[22m[39
m[31m[1m^[22m[39m
 [90m 5 |[39m 
[36mimport[39m { 
[33mCalendar[39m 
[36mas[39m [33mCalendarIcon
[39m[33m,[39m 
[33mClock[39m[33m,[39m 
[33mMapPin[39m[33m,[39m [3
3mCheckCircle[39m[33m,[39m 
[33mXCircle[39m } 
[36mfrom[39m [32m'lucide-rea
ct'[39m[33m;[39m
 [90m 6 |[39m 
[36mimport[39m 
[33mButton[39m 
[36mfrom[39m [32m'../../comp
onents/ui/Button'[39m[33m;[3
9m
 [90m 7 |[39m[0m



Import traces:
  Client Component Browser:
    ./Desktop/New folder (2)/cl
ient/src/app/dashboard/appointm
ents/page.tsx [Client 
Component Browser]
    ./Desktop/New folder (2)/cl
ient/src/app/dashboard/appointm
ents/page.tsx [Server 
Component]

  Client Component SSR:
    ./Desktop/New folder (2)/cl
ient/src/app/dashboard/appointm
ents/page.tsx [Client 
Component SSR]
    ./Desktop/New folder (2)/cl
ient/src/app/dashboard/appointm
ents/page.tsx [Server 
Component]

https://nextjs.org/docs/message
s/module-not-found


./Desktop/New folder (2)/client
/src/app/dashboard/patients/pag
e.tsx:4:1
Module not found: Can't 
resolve '../../components/layou
t/DashboardLayout'
[0m [90m 2 |[39m
 [90m 3 |[39m 
[36mimport[39m 
[33mReact[39m [36mfrom[39m 
[32m'react'[39m[33m;[39m
[31m[1m>[22m[39m[90m 4 
|[39m [36mimport[39m 
[33mDashboardLayout[39m 
[36mfrom[39m [32m'../../comp
onents/layout/DashboardLayout'
[39m[33m;[39m
 [90m   |[39m [31m[1m^[22m
[39m[31m[1m^[22m[39m[31m
[1m^[22m[39m[31m[1m^[22m[
39m[31m[1m^[22m[39m[31m[1
m^[22m[39m[31m[1m^[22m[39
m[31m[1m^[22m[39m[31m[1m^
[22m[39m[31m[1m^[22m[39m
[31m[1m^[22m[39m[31m[1m^[
22m[39m[31m[1m^[22m[39m[3
1m[1m^[22m[39m[31m[1m^[22
m[39m[31m[1m^[22m[39m[31m
[1m^[22m[39m[31m[1m^[22m
[39m[31m[1m^[22m[39m[31m[
1m^[22m[39m[31m[1m^[22m[3
9m[31m[1m^[22m[39m[31m[1m
^[22m[39m[31m[1m^[22m[39m
[31m[1m^[22m[39m[31m[1m^
[22m[39m[31m[1m^[22m[39m[
31m[1m^[22m[39m[31m[1m^[2
2m[39m[31m[1m^[22m[39m[31
m[1m^[22m[39m[31m[1m^[22m
[39m[31m[1m^[22m[39m[31m
[1m^[22m[39m[31m[1m^[22m[
39m[31m[1m^[22m[39m[31m[1
m^[22m[39m[31m[1m^[22m[39
m[31m[1m^[22m[39m[31m[1m^
[22m[39m[31m[1m^[22m[39m
[31m[1m^[22m[39m[31m[1m^[
22m[39m[31m[1m^[22m[39m[3
1m[1m^[22m[39m[31m[1m^[22
m[39m[31m[1m^[22m[39m[31m
[1m^[22m[39m[31m[1m^[22m
[39m[31m[1m^[22m[39m[31m[
1m^[22m[39m[31m[1m^[22m[3
9m[31m[1m^[22m[39m[31m[1m
^[22m[39m[31m[1m^[22m[39m
[31m[1m^[22m[39m[31m[1m^
[22m[39m[31m[1m^[22m[39m[
31m[1m^[22m[39m[31m[1m^[2
2m[39m[31m[1m^[22m[39m[31
m[1m^[22m[39m[31m[1m^[22m
[39m[31m[1m^[22m[39m[31m
[1m^[22m[39m[31m[1m^[22m[
39m[31m[1m^[22m[39m[31m[1
m^[22m[39m[31m[1m^[22m[39
m[31m[1m^[22m[39m
 [90m 5 |[39m 
[36mimport[39m { 
[33mSearch[39m[33m,[39m 
[33mFilter[39m[33m,[39m [3
3mMoreVertical[39m[33m,[39m 
[33mPlus[39m } 
[36mfrom[39m [32m'lucide-rea
ct'[39m[33m;[39m
 [90m 6 |[39m 
[36mimport[39m 
[33mButton[39m 
[36mfrom[39m [32m'../../comp
onents/ui/Button'[39m[33m;[3
9m
 [90m 7 |[39m[0m



Import traces:
  Client Component Browser:
    ./Desktop/New folder (2)/cl
ient/src/app/dashboard/patients
/page.tsx [Client Component 
Browser]
    ./Desktop/New folder (2)/cl
ient/src/app/dashboard/patients
/page.tsx [Server Component]

  Client Component SSR:
    ./Desktop/New folder (2)/cl
ient/src/app/dashboard/patients
/page.tsx [Client Component 
SSR]
    ./Desktop/New folder (2)/cl
ient/src/app/dashboard/patients
/page.tsx [Server Component]

https://nextjs.org/docs/message
s/module-not-found


./Desktop/New folder (2)/client
/src/app/dashboard/appointments
/page.tsx:6:1
Module not found: Can't 
resolve 
'../../components/ui/Button'
[0m [90m 4 |[39m 
[36mimport[39m 
[33mDashboardLayout[39m 
[36mfrom[39m [32m'../../comp
onents/layout/DashboardLayout'
[39m[33m;[39m
 [90m 5 |[39m 
[36mimport[39m { 
[33mCalendar[39m 
[36mas[39m [33mCalendarIcon
[39m[33m,[39m 
[33mClock[39m[33m,[39m 
[33mMapPin[39m[33m,[39m [3
3mCheckCircle[39m[33m,[39m 
[33mXCircle[39m } 
[36mfrom[39m [32m'lucide-rea
ct'[39m[33m;[39m
[31m[1m>[22m[39m[90m 6 
|[39m [36mimport[39m 
[33mButton[39m 
[36mfrom[39m [32m'../../comp
onents/ui/Button'[39m[33m;[3
9m
 [90m   |[39m [31m[1m^[22m
[39m[31m[1m^[22m[39m[31m
[1m^[22m[39m[31m[1m^[22m[
39m[31m[1m^[22m[39m[31m[1
m^[22m[39m[31m[1m^[22m[39
m[31m[1m^[22m[39m[31m[1m^
[22m[39m[31m[1m^[22m[39m
[31m[1m^[22m[39m[31m[1m^[
22m[39m[31m[1m^[22m[39m[3
1m[1m^[22m[39m[31m[1m^[22
m[39m[31m[1m^[22m[39m[31m
[1m^[22m[39m[31m[1m^[22m
[39m[31m[1m^[22m[39m[31m[
1m^[22m[39m[31m[1m^[22m[3
9m[31m[1m^[22m[39m[31m[1m
^[22m[39m[31m[1m^[22m[39m
[31m[1m^[22m[39m[31m[1m^
[22m[39m[31m[1m^[22m[39m[
31m[1m^[22m[39m[31m[1m^[2
2m[39m[31m[1m^[22m[39m[31
m[1m^[22m[39m[31m[1m^[22m
[39m[31m[1m^[22m[39m[31m
[1m^[22m[39m[31m[1m^[22m[
39m[31m[1m^[22m[39m[31m[1
m^[22m[39m[31m[1m^[22m[39
m[31m[1m^[22m[39m[31m[1m^
[22m[39m[31m[1m^[22m[39m
[31m[1m^[22m[39m[31m[1m^[
22m[39m[31m[1m^[22m[39m[3
1m[1m^[22m[39m[31m[1m^[22
m[39m[31m[1m^[22m[39m[31m
[1m^[22m[39m
 [90m 7 |[39m
 [90m 8 |[39m 
[36mconst[39m appointments 
[33m=[39m [
 [90m 9 |[39m     { 
id[33m:[39m 
[32m'1'[39m[33m,[39m 
patient[33m:[39m [32m'John 
Doe'[39m[33m,[39m 
doctor[33m:[39m [32m'Dr. 
Sarah Wilson'[39m[33m,[39m 
time[33m:[39m [32m'09:00 
AM'[39m[33m,[39m 
date[33m:[39m [32m'Oct 26, 
2023'[39m[33m,[39m 
type[33m:[39m 
[32m'Checkup'[39m[33m,[39m 
status[33m:[39m 
[32m'Confirmed'[39m 
}[33m,[39m[0m



Import traces:
  Client Component Browser:
    ./Desktop/New folder (2)/cl
ient/src/app/dashboard/appointm
ents/page.tsx [Client 
Component Browser]
    ./Desktop/New folder (2)/cl
ient/src/app/dashboard/appointm
ents/page.tsx [Server 
Component]

  Client Component SSR:
    ./Desktop/New folder (2)/cl
ient/src/app/dashboard/appointm
ents/page.tsx [Client 
Component SSR]
    ./Desktop/New folder (2)/cl
ient/src/app/dashboard/appointm
ents/page.tsx [Server 
Component]

https://nextjs.org/docs/message
s/module-not-found


./Desktop/New folder (2)/client
/src/app/dashboard/patients/pag
e.tsx:6:1
Module not found: Can't 
resolve 
'../../components/ui/Button'
[0m [90m 4 |[39m 
[36mimport[39m 
[33mDashboardLayout[39m 
[36mfrom[39m [32m'../../comp
onents/layout/DashboardLayout'
[39m[33m;[39m
 [90m 5 |[39m 
[36mimport[39m { 
[33mSearch[39m[33m,[39m 
[33mFilter[39m[33m,[39m [3
3mMoreVertical[39m[33m,[39m 
[33mPlus[39m } 
[36mfrom[39m [32m'lucide-rea
ct'[39m[33m;[39m
[31m[1m>[22m[39m[90m 6 
|[39m [36mimport[39m 
[33mButton[39m 
[36mfrom[39m [32m'../../comp
onents/ui/Button'[39m[33m;[3
9m
 [90m   |[39m [31m[1m^[22m
[39m[31m[1m^[22m[39m[31m
[1m^[22m[39m[31m[1m^[22m[
39m[31m[1m^[22m[39m[31m[1
m^[22m[39m[31m[1m^[22m[39
m[31m[1m^[22m[39m[31m[1m^
[22m[39m[31m[1m^[22m[39m
[31m[1m^[22m[39m[31m[1m^[
22m[39m[31m[1m^[22m[39m[3
1m[1m^[22m[39m[31m[1m^[22
m[39m[31m[1m^[22m[39m[31m
[1m^[22m[39m[31m[1m^[22m
[39m[31m[1m^[22m[39m[31m[
1m^[22m[39m[31m[1m^[22m[3
9m[31m[1m^[22m[39m[31m[1m
^[22m[39m[31m[1m^[22m[39m
[31m[1m^[22m[39m[31m[1m^
[22m[39m[31m[1m^[22m[39m[
31m[1m^[22m[39m[31m[1m^[2
2m[39m[31m[1m^[22m[39m[31
m[1m^[22m[39m[31m[1m^[22m
[39m[31m[1m^[22m[39m[31m
[1m^[22m[39m[31m[1m^[22m[
39m[31m[1m^[22m[39m[31m[1
m^[22m[39m[31m[1m^[22m[39
m[31m[1m^[22m[39m[31m[1m^
[22m[39m[31m[1m^[22m[39m
[31m[1m^[22m[39m[31m[1m^[
22m[39m[31m[1m^[22m[39m[3
1m[1m^[22m[39m[31m[1m^[22
m[39m[31m[1m^[22m[39m[31m
[1m^[22m[39m
 [90m 7 |[39m
 [90m 8 |[39m 
[36mconst[39m patients 
[33m=[39m [
 [90m 9 |[39m     { 
id[33m:[39m 
[32m'1'[39m[33m,[39m 
name[33m:[39m [32m'John 
Doe'[39m[33m,[39m 
age[33m:[39m 
[35m45[39m[33m,[39m 
gender[33m:[39m 
[32m'Male'[39m[33m,[39m 
condition[33m:[39m [32m'Hype
rtension'[39m[33m,[39m 
status[33m:[39m 
[32m'Stable'[39m[33m,[39m 
lastVisit[33m:[39m 
[32m'2023-10-15'[39m 
}[33m,[39m[0m



Import traces:
  Client Component Browser:
    ./Desktop/New folder (2)/cl
ient/src/app/dashboard/patients
/page.tsx [Client Component 
Browser]
    ./Desktop/New folder (2)/cl
ient/src/app/dashboard/patients
/page.tsx [Server Component]

  Client Component SSR:
    ./Desktop/New folder (2)/cl
ient/src/app/dashboard/patients
/page.tsx [Client Component 
SSR]
    ./Desktop/New folder (2)/cl
ient/src/app/dashboard/patients
/page.tsx [Server Component]

https://nextjs.org/docs/message
s/module-not-found


    at <unknown> 
(./Desktop/New folder (2)/clien
t/src/app/dashboard/appointment
s/page.tsx:4:1)
    at <unknown> (https://nextj
s.org/docs/messages/module-not-
found)
    at <unknown> 
(./Desktop/New folder (2)/clien
t/src/app/dashboard/patients/pa
ge.tsx:4:1)
    at <unknown> (https://nextj
s.org/docs/messages/module-not-
found)
    at <unknown> 
(./Desktop/New folder (2)/clien
t/src/app/dashboard/appointment
s/page.tsx:6:1)
    at <unknown> (https://nextj
s.org/docs/messages/module-not-
found)
    at <unknown> 
(./Desktop/New folder (2)/clien
t/src/app/dashboard/patients/pa
ge.tsx:6:1)
    at <unknown> (https://nextj
s.org/docs/messages/module-not-
found)
